****************************************
Report : timing
	-path_type full
	-delay_type max
	-max_paths 1
	-sort_by slack
Design : top
Version: T-2022.03-SP3
Date   : Wed Apr 19 19:55:07 2023
****************************************


  Startpoint: w59[1] (input port clocked by clk)
  Endpoint: node0/p2_reg[1][1][16]
               (rising edge-triggered flip-flop clocked by clk)
  Path Group: clk
  Path Type: max

  Point                                                   Incr       Path
  ------------------------------------------------------------------------------
  clock clk (rise edge)                                   0.00       0.00
  clock network delay (ideal)                             0.00       0.00
  input external delay                                    0.10       0.10 f
  w59[1] (in)                                             0.00 &     0.10 f
  FE_PHC169_w59_1/Y (HB1xp67_ASAP7_75t_R)                61.37 &    61.47 f
  U10559/Y (INVx1_ASAP7_75t_R)                          139.42 &   200.90 r
  U17417/Y (NOR2xp33_ASAP7_75t_R)                        97.38 &   298.28 f
  node0/mult_87_G2_G2/S2_2_1/CON (FAx1_ASAP7_75t_R)      37.41 &   335.69 r
  U10550/Y (INVx1_ASAP7_75t_R)                           22.02 &   357.70 f
  node0/mult_87_G2_G2/S2_3_1/CON (FAx1_ASAP7_75t_R)      26.39 &   384.09 r
  U10535/Y (INVx1_ASAP7_75t_R)                           22.35 &   406.45 f
  node0/mult_87_G2_G2/S2_4_1/CON (FAx1_ASAP7_75t_R)      26.65 &   433.09 r
  U10528/Y (INVx1_ASAP7_75t_R)                           22.15 &   455.24 f
  node0/mult_87_G2_G2/S2_5_1/CON (FAx1_ASAP7_75t_R)      26.29 &   481.53 r
  U10521/Y (INVx1_ASAP7_75t_R)                           21.98 &   503.51 f
  node0/mult_87_G2_G2/S2_6_1/CON (FAx1_ASAP7_75t_R)      27.02 &   530.53 r
  U10512/Y (INVx1_ASAP7_75t_R)                           22.48 &   553.01 f
  node0/mult_87_G2_G2/S2_7_1/CON (FAx1_ASAP7_75t_R)      26.55 &   579.56 r
  U10504/Y (INVx1_ASAP7_75t_R)                           21.97 &   601.53 f
  node0/mult_87_G2_G2/S2_8_1/CON (FAx1_ASAP7_75t_R)      26.09 &   627.62 r
  U10496/Y (INVx1_ASAP7_75t_R)                           21.79 &   649.41 f
  node0/mult_87_G2_G2/S2_9_1/CON (FAx1_ASAP7_75t_R)      26.72 &   676.13 r
  U10489/Y (INVx1_ASAP7_75t_R)                           22.01 &   698.14 f
  node0/mult_87_G2_G2/S2_10_1/CON (FAx1_ASAP7_75t_R)     26.22 &   724.36 r
  node0/mult_87_G2_G2/S2_10_1/SN (FAx1_ASAP7_75t_R)      19.52 &   743.88 f
  U10484/Y (INVx1_ASAP7_75t_R)                           20.55 &   764.43 r
  node0/mult_87_G2_G2/S1_11_0/SN (FAx1_ASAP7_75t_R)      52.90 &   817.33 f
  U15955/Y (NOR3xp33_ASAP7_75t_R)                        53.15 &   870.47 r
  U15483/Y (NAND3xp33_ASAP7_75t_R)                       33.86 &   904.33 f
  U15859/Y (AOI21xp5_ASAP7_75t_R)                        38.09 &   942.42 r
  U5950/Y (OAI21xp5_ASAP7_75t_R)                         28.10 &   970.52 f
  U15475/SN (FAx1_ASAP7_75t_R)                           46.52 &  1017.03 r
  node0/p2_reg[1][1][16]/D (DFFHQNx1_ASAP7_75t_R)         0.13 &  1017.16 r
  data arrival time                                               1017.16

  clock clk (rise edge)                                1030.00    1030.00
  clock network delay (ideal)                             0.00    1030.00
  clock reconvergence pessimism                           0.00    1030.00
  clock uncertainty                                      -0.01    1029.99
  node0/p2_reg[1][1][16]/CLK (DFFHQNx1_ASAP7_75t_R)               1029.99 r
  library setup time                                    -12.40    1017.59
  data required time                                              1017.59
  ------------------------------------------------------------------------------
  data required time                                              1017.59
  data arrival time                                              -1017.16
  ------------------------------------------------------------------------------
  slack (MET)                                                        0.44


1
