 
****************************************
Report : area
Design : top
Version: T-2022.03-SP3
Date   : Fri May  5 02:40:57 2023
****************************************

Information: Updating design information... (UID-85)
Library(s) Used:

    asap7sc7p5t_INVBUF_RVT_TT_nldm_211120 (File: /filespace/j/jlin445/ece755/GNN_755/MS_3_Synthesis/asap7sc7p5t_28/LIB/NLDM/asap7sc7p5t_INVBUF_RVT_TT_nldm_211120.db)
    asap7sc7p5t_SIMPLE_RVT_TT_nldm_211120 (File: /filespace/j/jlin445/ece755/GNN_755/MS_3_Synthesis/asap7sc7p5t_28/LIB/NLDM/asap7sc7p5t_SIMPLE_RVT_TT_nldm_211120.db)
    asap7sc7p5t_AO_RVT_TT_nldm_211120 (File: /filespace/j/jlin445/ece755/GNN_755/MS_3_Synthesis/asap7sc7p5t_28/LIB/NLDM/asap7sc7p5t_AO_RVT_TT_nldm_211120.db)
    asap7sc7p5t_OA_RVT_TT_nldm_211120 (File: /filespace/j/jlin445/ece755/GNN_755/MS_3_Synthesis/asap7sc7p5t_28/LIB/NLDM/asap7sc7p5t_OA_RVT_TT_nldm_211120.db)
    asap7sc7p5t_SEQ_RVT_TT_nldm_220123 (File: /filespace/j/jlin445/ece755/GNN_755/MS_3_Synthesis/asap7sc7p5t_28/LIB/NLDM/asap7sc7p5t_SEQ_RVT_TT_nldm_220123.db)

Number of ports:                          378
Number of nets:                         24513
Number of cells:                        20437
Number of combinational cells:          20231
Number of sequential cells:               206
Number of macros/black boxes:               0
Number of buf/inv:                       7915
Number of references:                      27

Combinational area:               1827.457183
Buf/Inv area:                      349.482605
Noncombinational area:              60.069598
Macro/Black Box area:                0.000000
Net Interconnect area:      undefined  (No wire load specified)

Total cell area:                  1887.526780
Total area:                 undefined

Hierarchical area distribution
------------------------------

                                  Global cell area          Local cell area
                                  ------------------  ---------------------------- 
Hierarchical cell                 Absolute   Percent  Combi-     Noncombi-  Black-
                                  Total      Total    national   national   boxes   Design
--------------------------------  ---------  -------  ---------  ---------  ------  ---------
top                               1887.5268    100.0  1827.4572    60.0696  0.0000  top
--------------------------------  ---------  -------  ---------  ---------  ------  ---------
Total                                                 1827.4572    60.0696  0.0000

1
