****************************************
Report : Averaged Power
	-verbose
Design : top
Version: T-2022.03-SP3
Date   : Thu May  4 23:05:20 2023
****************************************

Library(s) Used:

    asap7sc7p5t_AO_RVT_TT_nldm_211120 (File: /filespace/j/jlin445/ece755/GNN_755/MS_3_Synthesis/asap7sc7p5t_28/LIB/NLDM/asap7sc7p5t_AO_RVT_TT_nldm_211120.db)
    asap7sc7p5t_OA_RVT_TT_nldm_211120 (File: /filespace/j/jlin445/ece755/GNN_755/MS_3_Synthesis/asap7sc7p5t_28/LIB/NLDM/asap7sc7p5t_OA_RVT_TT_nldm_211120.db)
    asap7sc7p5t_SIMPLE_RVT_TT_nldm_211120 (File: /filespace/j/jlin445/ece755/GNN_755/MS_3_Synthesis/asap7sc7p5t_28/LIB/NLDM/asap7sc7p5t_SIMPLE_RVT_TT_nldm_211120.db)
    asap7sc7p5t_INVBUF_RVT_TT_nldm_211120 (File: /filespace/j/jlin445/ece755/GNN_755/MS_3_Synthesis/asap7sc7p5t_28/LIB/NLDM/asap7sc7p5t_INVBUF_RVT_TT_nldm_211120.db)
    asap7sc7p5t_SEQ_RVT_TT_nldm_220123 (File: /filespace/j/jlin445/ece755/GNN_755/MS_3_Synthesis/asap7sc7p5t_28/LIB/NLDM/asap7sc7p5t_SEQ_RVT_TT_nldm_220123.db)


Operating Conditions: PVT_0P7V_25C   Library: asap7sc7p5t_AO_RVT_TT_nldm_211120
Wire Load Model Mode: segmented

<no wire load model is set>

Power-specific unit information :
    Voltage Units = 1 V
    Capacitance Units = 0.001 pf
    Time Units = 0.001 ns
    Dynamic Power Units = 1 W
    Leakage Power Units = 1 W



  Attributes
  ----------
      i  -  Including register clock pin internal power
      u  -  User defined power group

                        Internal  Switching  Leakage    Total
Power Group             Power     Power      Power      Power   (     %)  Attrs
--------------------------------------------------------------------------------
clock_network           1.337e-03 3.548e-04 2.739e-08 1.692e-03 (29.22%)  i
register                4.919e-04 2.389e-04 2.857e-07 7.311e-04 (12.62%)  
combinational           1.116e-03 2.252e-03 1.837e-06 3.369e-03 (58.16%)  
sequential                 0.0000    0.0000    0.0000    0.0000 ( 0.00%)  
memory                     0.0000    0.0000    0.0000    0.0000 ( 0.00%)  
io_pad                     0.0000    0.0000    0.0000    0.0000 ( 0.00%)  
black_box                  0.0000    0.0000    0.0000    0.0000 ( 0.00%)  

  Net Switching Power  = 2.845e-03   (49.12%)
  Cell Internal Power  = 2.945e-03   (50.84%)
  Cell Leakage Power   = 2.150e-06   ( 0.04%)
                         ---------
Total Power            = 5.792e-03  (100.00%)

1
